// Jest Snapshot v1, https://goo.gl/fbAQLP

exports[`Navbar tests navbar render 1`] = `
Object {
  "asFragment": [Function],
  "baseElement": <body>
    <div>
      <nav
        class="navbar"
      >
        <a
          class="logo"
          href="/"
          style="text-decoration: none;"
        >
          <img
            alt="Logo"
            class="logo-image"
            src="planet.png"
          />
          <h1
            class="nav-heading"
          >
            Space Travelers\` Hub
          </h1>
        </a>
        <div
          class="nav-links"
        >
          <ul>
            <li>
              <a
                class="link active"
                href="/"
              >
                Rockets
              </a>
            </li>
            <li>
              <a
                class="link "
                href="/missions"
              >
                Missions
              </a>
            </li>
            <li>
              <a
                class="link "
                href="/dragons"
              >
                Dragons
              </a>
            </li>
            <li>
              <a
                class="link "
                href="/profile"
              >
                Profile
              </a>
            </li>
          </ul>
        </div>
      </nav>
    </div>
  </body>,
  "container": <div>
    <nav
      class="navbar"
    >
      <a
        class="logo"
        href="/"
        style="text-decoration: none;"
      >
        <img
          alt="Logo"
          class="logo-image"
          src="planet.png"
        />
        <h1
          class="nav-heading"
        >
          Space Travelers\` Hub
        </h1>
      </a>
      <div
        class="nav-links"
      >
        <ul>
          <li>
            <a
              class="link active"
              href="/"
            >
              Rockets
            </a>
          </li>
          <li>
            <a
              class="link "
              href="/missions"
            >
              Missions
            </a>
          </li>
          <li>
            <a
              class="link "
              href="/dragons"
            >
              Dragons
            </a>
          </li>
          <li>
            <a
              class="link "
              href="/profile"
            >
              Profile
            </a>
          </li>
        </ul>
      </div>
    </nav>
  </div>,
  "debug": [Function],
  "findAllByAltText": [Function],
  "findAllByDisplayValue": [Function],
  "findAllByLabelText": [Function],
  "findAllByPlaceholderText": [Function],
  "findAllByRole": [Function],
  "findAllByTestId": [Function],
  "findAllByText": [Function],
  "findAllByTitle": [Function],
  "findByAltText": [Function],
  "findByDisplayValue": [Function],
  "findByLabelText": [Function],
  "findByPlaceholderText": [Function],
  "findByRole": [Function],
  "findByTestId": [Function],
  "findByText": [Function],
  "findByTitle": [Function],
  "getAllByAltText": [Function],
  "getAllByDisplayValue": [Function],
  "getAllByLabelText": [Function],
  "getAllByPlaceholderText": [Function],
  "getAllByRole": [Function],
  "getAllByTestId": [Function],
  "getAllByText": [Function],
  "getAllByTitle": [Function],
  "getByAltText": [Function],
  "getByDisplayValue": [Function],
  "getByLabelText": [Function],
  "getByPlaceholderText": [Function],
  "getByRole": [Function],
  "getByTestId": [Function],
  "getByText": [Function],
  "getByTitle": [Function],
  "queryAllByAltText": [Function],
  "queryAllByDisplayValue": [Function],
  "queryAllByLabelText": [Function],
  "queryAllByPlaceholderText": [Function],
  "queryAllByRole": [Function],
  "queryAllByTestId": [Function],
  "queryAllByText": [Function],
  "queryAllByTitle": [Function],
  "queryByAltText": [Function],
  "queryByDisplayValue": [Function],
  "queryByLabelText": [Function],
  "queryByPlaceholderText": [Function],
  "queryByRole": [Function],
  "queryByTestId": [Function],
  "queryByText": [Function],
  "queryByTitle": [Function],
  "rerender": [Function],
  "unmount": [Function],
}
`;
